// Jest Snapshot v1, https://goo.gl/fbAQLP

exports[`render x-button 1`] = `
<div>
  <button
    class="css-1yjo7i8"
  >
    button
  </button>
</div>
`;
